rutracker.net
rutracker.org
rutracker.wiki
rutor.info
rutor.is
rutor.org
rutracker.cc
instagram.com
cdninstagram.com
fbcdn.net
graph.instagram.com
edge-chat.instagram.com
web-chat-e2ee.instagram.com
netflix.ca
netflix.com
netflix.net
netflixinvestor.com
netflixtechblog.com
netlify.com
plex.tv
clients.plex.tv
features.plex.tv
cast-config.plex.tv
app.plex.tv
www.plex.tv
status.plex.tv
discover.provider.plex.tv
support.plex.tv
epg.provider.plex.tv
vod.provider.plex.tv
metadata.provider.plex.tv
analytics.plex.tv
plex.direct
plex.services
cloud.plex.tv
provider.plex.tv
plexapp.com
plex-cdn.net
plex-vod.com
pms-img.com
pms-vod.com
my.plexapp.com
tv.plex.provider.plex.tv
tv.plex.bz
tv.plex.cat
watch.plex.tv
discover.plex.tv
api.plex.tv
auth.plex.tv
claims.plex.tv
companion.plex.tv
cpms.spark.plex.tv
metrics.plex.tv
alert.plex.tv
logs.plex.tv
notifications.plex.tv
cast.plex.tv
downloads.plex.tv
meta.plex.tv
node.plex.tv
proxy.plex.tv
pubsub.plex.tv
themoviedb.org
api.themoviedb.org
image.tmdb.org
status.themoviedb.org
developers.themoviedb.org
oauth.themoviedb.org
secure.themoviedb.org
